<?xml version="1.0" encoding="utf-8"?>
<?AutomationStudio Version="4.12.3.127 SP"?>
<Objects>
  <Object
    Path="C:\projects\Mischeranlage_Durchfluss\Logical\Package.pkg"
    LogicalPath=""
    Type="Package.ParentUnknown"
    LastWriteTime="132969102560000000" />
  <Object
    Path="C:\projects\Mischeranlage_Durchfluss\Logical\Global.typ"
    LogicalPath="Global.typ"
    Type="File"
    LastWriteTime="132953817880000000"
    Private="false" />
  <Object
    Path="C:\projects\Mischeranlage_Durchfluss\Logical\Global.var"
    LogicalPath="Global.var"
    Type="File"
    LastWriteTime="132971716800000000"
    Private="false" />
  <Object
    Path="C:\projects\Mischeranlage_Durchfluss\Logical\Libraries\Package.pkg"
    LogicalPath="Libraries"
    Type="Package"
    LastWriteTime="132969063700000000" />
  <Object
    Path="C:\projects\Mischeranlage_Durchfluss\Logical\Libraries\operator\binary.lby"
    LogicalPath="Libraries.operator"
    Type="Library"
    LastWriteTime="132953817880000000" />
  <Object
    Path="C:\projects\Mischeranlage_Durchfluss\Logical\Libraries\operator\operator.fun"
    LogicalPath="Libraries.operator.operator.fun"
    Type="File"
    LastWriteTime="132953817880000000"
    Private="false" />
  <Object
    Path="C:\projects\Mischeranlage_Durchfluss\Logical\Libraries\operator\operator.typ"
    LogicalPath="Libraries.operator.operator.typ"
    Type="File"
    LastWriteTime="132953817880000000"
    Private="false" />
  <Object
    Path="C:\projects\Mischeranlage_Durchfluss\Logical\Libraries\operator\operator.var"
    LogicalPath="Libraries.operator.operator.var"
    Type="File"
    LastWriteTime="132953817880000000"
    Private="false" />
  <Object
    Path="C:\projects\Mischeranlage_Durchfluss\Logical\Libraries\runtime\binary.lby"
    LogicalPath="Libraries.runtime"
    Type="Library"
    LastWriteTime="132953817900000000" />
  <Object
    Path="C:\projects\Mischeranlage_Durchfluss\Logical\Libraries\runtime\runtime.fun"
    LogicalPath="Libraries.runtime.runtime.fun"
    Type="File"
    LastWriteTime="132953817900000000"
    Private="false" />
  <Object
    Path="C:\projects\Mischeranlage_Durchfluss\Logical\Libraries\runtime\runtime.typ"
    LogicalPath="Libraries.runtime.runtime.typ"
    Type="File"
    LastWriteTime="132953817900000000"
    Private="false" />
  <Object
    Path="C:\projects\Mischeranlage_Durchfluss\Logical\Libraries\runtime\runtime.var"
    LogicalPath="Libraries.runtime.runtime.var"
    Type="File"
    LastWriteTime="132953817900000000"
    Private="false" />
  <Object
    Path="C:\projects\Mischeranlage_Durchfluss\Logical\Libraries\astime\binary.lby"
    LogicalPath="Libraries.astime"
    Type="Library"
    LastWriteTime="132953817900000000" />
  <Object
    Path="C:\projects\Mischeranlage_Durchfluss\Logical\Libraries\astime\astime.fun"
    LogicalPath="Libraries.astime.astime.fun"
    Type="File"
    LastWriteTime="132953817900000000"
    Private="false" />
  <Object
    Path="C:\projects\Mischeranlage_Durchfluss\Logical\Libraries\astime\astime.typ"
    LogicalPath="Libraries.astime.astime.typ"
    Type="File"
    LastWriteTime="132953817900000000"
    Private="false" />
  <Object
    Path="C:\projects\Mischeranlage_Durchfluss\Logical\Libraries\astime\astime.var"
    LogicalPath="Libraries.astime.astime.var"
    Type="File"
    LastWriteTime="132953817900000000"
    Private="false" />
  <Object
    Path="C:\projects\Mischeranlage_Durchfluss\Logical\Libraries\AsIecCon\binary.lby"
    LogicalPath="Libraries.AsIecCon"
    Type="Library"
    LastWriteTime="132953817920000000" />
  <Object
    Path="C:\projects\Mischeranlage_Durchfluss\Logical\Libraries\AsIecCon\AsIecCon.fun"
    LogicalPath="Libraries.AsIecCon.AsIecCon.fun"
    Type="File"
    LastWriteTime="132953817920000000"
    Private="false" />
  <Object
    Path="C:\projects\Mischeranlage_Durchfluss\Logical\Libraries\AsIecCon\AsIecCon.typ"
    LogicalPath="Libraries.AsIecCon.AsIecCon.typ"
    Type="File"
    LastWriteTime="132953817920000000"
    Private="false" />
  <Object
    Path="C:\projects\Mischeranlage_Durchfluss\Logical\Libraries\AsIecCon\AsIecCon.var"
    LogicalPath="Libraries.AsIecCon.AsIecCon.var"
    Type="File"
    LastWriteTime="132953817920000000"
    Private="false" />
  <Object
    Path="C:\projects\Mischeranlage_Durchfluss\Logical\Libraries\sys_lib\binary.lby"
    LogicalPath="Libraries.sys_lib"
    Type="Library"
    LastWriteTime="132969063700000000" />
  <Object
    Path="C:\projects\Mischeranlage_Durchfluss\Logical\Libraries\sys_lib\sys_lib.fun"
    LogicalPath="Libraries.sys_lib.sys_lib.fun"
    Type="File"
    LastWriteTime="132969063700000000"
    Private="false" />
  <Object
    Path="C:\projects\Mischeranlage_Durchfluss\Logical\Libraries\sys_lib\sys_lib.typ"
    LogicalPath="Libraries.sys_lib.sys_lib.typ"
    Type="File"
    LastWriteTime="132969063700000000"
    Private="false" />
  <Object
    Path="C:\projects\Mischeranlage_Durchfluss\Logical\Libraries\sys_lib\sys_lib.var"
    LogicalPath="Libraries.sys_lib.sys_lib.var"
    Type="File"
    LastWriteTime="132969063700000000"
    Private="false" />
  <Object
    Path="C:\projects\Mischeranlage_Durchfluss\Logical\Libraries\AsBrStr\binary.lby"
    LogicalPath="Libraries.AsBrStr"
    Type="Library"
    LastWriteTime="132969063700000000" />
  <Object
    Path="C:\projects\Mischeranlage_Durchfluss\Logical\Libraries\AsBrStr\AsBrStr.fun"
    LogicalPath="Libraries.AsBrStr.AsBrStr.fun"
    Type="File"
    LastWriteTime="132969063700000000"
    Private="false" />
  <Object
    Path="C:\projects\Mischeranlage_Durchfluss\Logical\Libraries\AsBrStr\AsBrStr.typ"
    LogicalPath="Libraries.AsBrStr.AsBrStr.typ"
    Type="File"
    LastWriteTime="132969063700000000"
    Private="false" />
  <Object
    Path="C:\projects\Mischeranlage_Durchfluss\Logical\Libraries\AsBrStr\AsBrStr.var"
    LogicalPath="Libraries.AsBrStr.AsBrStr.var"
    Type="File"
    LastWriteTime="132969063700000000"
    Private="false" />
  <Object
    Path="C:\projects\Mischeranlage_Durchfluss\Logical\Library\IEC.lby"
    LogicalPath="Library"
    Type="Library"
    LastWriteTime="132969101360000000" />
  <Object
    Path="C:\projects\Mischeranlage_Durchfluss\Logical\Library\Types.typ"
    LogicalPath="Library.Types.typ"
    Type="File"
    LastWriteTime="132969064180000000"
    Private="false" />
  <Object
    Path="C:\projects\Mischeranlage_Durchfluss\Logical\Library\Constants.var"
    LogicalPath="Library.Constants.var"
    Type="File"
    LastWriteTime="132969064180000000"
    Private="false" />
  <Object
    Path="C:\projects\Mischeranlage_Durchfluss\Logical\Library\Library.fun"
    LogicalPath="Library.Library.fun"
    Type="File"
    LastWriteTime="132969087600000000"
    Private="false" />
  <Object
    Path="C:\projects\Mischeranlage_Durchfluss\Logical\Library\VolumenImSilo.st"
    LogicalPath="Library.VolumenImSilo.st"
    Type="File"
    LastWriteTime="132969101360000000"
    Private="false" />
  <Object
    Path="C:\projects\Mischeranlage_Durchfluss\Logical\Simulation\IEC.prg"
    LogicalPath="Simulation"
    Type="Program"
    LastWriteTime="132960684700000000" />
  <Object
    Path="C:\projects\Mischeranlage_Durchfluss\Logical\Simulation\Main.st"
    LogicalPath="Simulation.Main.st"
    Type="File"
    LastWriteTime="132974342480000000"
    Private="false" />
  <Object
    Path="C:\projects\Mischeranlage_Durchfluss\Logical\Simulation\Types.typ"
    LogicalPath="Simulation.Types.typ"
    Type="File"
    LastWriteTime="132960684700000000"
    Private="true" />
  <Object
    Path="C:\projects\Mischeranlage_Durchfluss\Logical\Simulation\Variables.var"
    LogicalPath="Simulation.Variables.var"
    Type="File"
    LastWriteTime="132971785640000000"
    Private="true" />
  <Object
    Path="C:\projects\Mischeranlage_Durchfluss\Logical\Program\IEC.prg"
    LogicalPath="Program"
    Type="Program"
    LastWriteTime="132971733600000000" />
  <Object
    Path="C:\projects\Mischeranlage_Durchfluss\Logical\Program\Main.st"
    LogicalPath="Program.Main.st"
    Type="File"
    LastWriteTime="132986423680000000"
    Private="false" />
  <Object
    Path="C:\projects\Mischeranlage_Durchfluss\Logical\Program\Types.typ"
    LogicalPath="Program.Types.typ"
    Type="File"
    LastWriteTime="132961196540000000"
    Private="true" />
  <Object
    Path="C:\projects\Mischeranlage_Durchfluss\Logical\Program\Variables.var"
    LogicalPath="Program.Variables.var"
    Type="File"
    LastWriteTime="132977832480000000"
    Private="true" />
  <Object
    Path="C:\projects\Mischeranlage_Durchfluss\Logical\Program\LocalFunctions.fun"
    LogicalPath="Program.LocalFunctions.fun"
    Type="File"
    LastWriteTime="133276543189625340"
    Private="true" />
  <Object
    Path="C:\projects\Mischeranlage_Durchfluss\Logical\Program\Silo.st"
    LogicalPath="Program.Silo.st"
    Type="File"
    LastWriteTime="132969100560000000"
    Private="false" />
  <Object
    Path="C:\projects\Mischeranlage_Durchfluss\Logical\Program\PiRegler.st"
    LogicalPath="Program.PiRegler.st"
    Type="File"
    LastWriteTime="132974347600000000"
    Private="false" />
  <Object
    Path="C:\projects\Mischeranlage_Durchfluss\Logical\mappView\Package.pkg"
    LogicalPath="mappView"
    Type="Package"
    LastWriteTime="132961351480000000" />
  <Object
    Path="C:\projects\Mischeranlage_Durchfluss\Logical\mappView\Layouts\Package.pkg"
    LogicalPath="mappView.Layouts"
    Type="Package"
    LastWriteTime="132961351220000000" />
  <Object
    Path="C:\projects\Mischeranlage_Durchfluss\Logical\mappView\Widgets\Package.pkg"
    LogicalPath="mappView.Widgets"
    Type="Package"
    LastWriteTime="132961351220000000" />
  <Object
    Path="C:\projects\Mischeranlage_Durchfluss\Logical\mappView\Resources\Package.pkg"
    LogicalPath="mappView.Resources"
    Type="Package"
    LastWriteTime="132961351220000000" />
  <Object
    Path="C:\projects\Mischeranlage_Durchfluss\Logical\mappView\Resources\Texts\Package.pkg"
    LogicalPath="mappView.Resources.Texts"
    Type="Package"
    LastWriteTime="132961351220000000" />
  <Object
    Path="C:\projects\Mischeranlage_Durchfluss\Logical\mappView\Resources\Snippets\Package.pkg"
    LogicalPath="mappView.Resources.Snippets"
    Type="Package"
    LastWriteTime="132961351220000000" />
  <Object
    Path="C:\projects\Mischeranlage_Durchfluss\Logical\mappView\Resources\Themes\Package.pkg"
    LogicalPath="mappView.Resources.Themes"
    Type="Package"
    LastWriteTime="132961351220000000" />
  <Object
    Path="C:\projects\Mischeranlage_Durchfluss\Logical\mappView\Resources\Media\Package.pkg"
    LogicalPath="mappView.Resources.Media"
    Type="Package"
    LastWriteTime="132961351220000000" />
  <Object
    Path="C:\projects\Mischeranlage_Durchfluss\Logical\mappView\Visualization\Package.pkg"
    LogicalPath="mappView.Visualization"
    Type="Package"
    LastWriteTime="132961351480000000" />
  <Object
    Path="C:\projects\Mischeranlage_Durchfluss\Logical\mappView\Visualization\Pages\Package.pkg"
    LogicalPath="mappView.Visualization.Pages"
    Type="Package"
    LastWriteTime="132975070920000000" />
  <Object
    Path="C:\projects\Mischeranlage_Durchfluss\Logical\mappView\Visualization\Pages\AreaContents\Package.pkg"
    LogicalPath="mappView.Visualization.Pages.AreaContents"
    Type="Package"
    LastWriteTime="132961387820000000" />
  <Object
    Path="C:\projects\Mischeranlage_Durchfluss\Logical\mappView\Visualization\Pages\AreaContents\Nav.content"
    LogicalPath="mappView.Visualization.Pages.AreaContents.Nav.content"
    Type="File"
    LastWriteTime="132975071920000000"
    Private="false" />
  <Object
    Path="C:\projects\Mischeranlage_Durchfluss\Logical\mappView\Visualization\Pages\Uebersicht\Package.pkg"
    LogicalPath="mappView.Visualization.Pages.Uebersicht"
    Type="Package"
    LastWriteTime="132961389220000000" />
  <Object
    Path="C:\projects\Mischeranlage_Durchfluss\Logical\mappView\Visualization\Pages\Uebersicht\Uebersicht.page"
    LogicalPath="mappView.Visualization.Pages.Uebersicht.Uebersicht.page"
    Type="File"
    LastWriteTime="132961412240000000"
    Private="false" />
  <Object
    Path="C:\projects\Mischeranlage_Durchfluss\Logical\mappView\Visualization\Pages\Uebersicht\Uebersicht.content"
    LogicalPath="mappView.Visualization.Pages.Uebersicht.Uebersicht.content"
    Type="File"
    LastWriteTime="132971778980000000"
    Private="false" />
  <Object
    Path="C:\projects\Mischeranlage_Durchfluss\Logical\mappView\Visualization\Pages\regler\Package.pkg"
    LogicalPath="mappView.Visualization.Pages.regler"
    Type="Package"
    LastWriteTime="132975070960000000" />
  <Object
    Path="C:\projects\Mischeranlage_Durchfluss\Logical\mappView\Visualization\Pages\regler\regler.page"
    LogicalPath="mappView.Visualization.Pages.regler.regler.page"
    Type="File"
    LastWriteTime="132975071940000000"
    Private="false" />
  <Object
    Path="C:\projects\Mischeranlage_Durchfluss\Logical\mappView\Visualization\Pages\regler\regler.content"
    LogicalPath="mappView.Visualization.Pages.regler.regler.content"
    Type="File"
    LastWriteTime="132977840920000000"
    Private="false" />
  <Object
    Path="C:\projects\Mischeranlage_Durchfluss\Logical\mappView\Visualization\Variables\Package.pkg"
    LogicalPath="mappView.Visualization.Variables"
    Type="Package"
    LastWriteTime="132961351480000000" />
  <Object
    Path="C:\projects\Mischeranlage_Durchfluss\Logical\mappView\Visualization\Expressions\Package.pkg"
    LogicalPath="mappView.Visualization.Expressions"
    Type="Package"
    LastWriteTime="132961351480000000" />
  <Object
    Path="C:\projects\Mischeranlage_Durchfluss\Logical\mappView\Visualization\Layouts\Package.pkg"
    LogicalPath="mappView.Visualization.Layouts"
    Type="Package"
    LastWriteTime="132961351620000000" />
  <Object
    Path="C:\projects\Mischeranlage_Durchfluss\Logical\mappView\Visualization\Layouts\Layout.layout"
    LogicalPath="mappView.Visualization.Layouts.Layout.layout"
    Type="File"
    LastWriteTime="132961384980000000"
    Private="false" />
  <Object
    Path="C:\projects\Mischeranlage_Durchfluss\Logical\mappView\Visualization\Dialogs\Package.pkg"
    LogicalPath="mappView.Visualization.Dialogs"
    Type="Package"
    LastWriteTime="132961351480000000" />
  <Object
    Path="C:\projects\Mischeranlage_Durchfluss\Logical\mappView\Visualization\Dialogs\AreaContents\Package.pkg"
    LogicalPath="mappView.Visualization.Dialogs.AreaContents"
    Type="Package"
    LastWriteTime="132961351480000000" />
  <Object
    Path="C:\projects\Mischeranlage_Durchfluss\Logical\mappView\Visualization\Resources\Package.pkg"
    LogicalPath="mappView.Visualization.Resources"
    Type="Package"
    LastWriteTime="132961351480000000" />
  <Object
    Path="C:\projects\Mischeranlage_Durchfluss\Logical\mappView\Visualization\Resources\Texts\Package.pkg"
    LogicalPath="mappView.Visualization.Resources.Texts"
    Type="Package"
    LastWriteTime="132961351480000000" />
  <Object
    Path="C:\projects\Mischeranlage_Durchfluss\Logical\mappView\Visualization\Resources\Snippets\Package.pkg"
    LogicalPath="mappView.Visualization.Resources.Snippets"
    Type="Package"
    LastWriteTime="132961351480000000" />
  <Object
    Path="C:\projects\Mischeranlage_Durchfluss\Physical\Config1\Config.pkg"
    LogicalPath="Config1"
    Type="Configuration.ParentUnknown"
    LastWriteTime="132968356180000000" />
  <Object
    Path="C:\projects\Mischeranlage_Durchfluss\Physical\Config1\Hardware.hw"
    LogicalPath="Config1.Hardware.hw"
    Type="File"
    LastWriteTime="133276536681183554"
    Private="false" />
  <Object
    Path="C:\projects\Mischeranlage_Durchfluss\Physical\Config1\Hardware.hwl"
    LogicalPath="Config1.Hardware.hwl"
    Type="File"
    LastWriteTime="132960582620000000"
    Private="false" />
  <Object
    Path="C:\projects\Mischeranlage_Durchfluss\Physical\Config1\X20CP1382\Cpu.pkg"
    LogicalPath="Config1.X20CP1382"
    Type="Cpu"
    LastWriteTime="133276543384613605" />
  <Object
    Path="C:\projects\Mischeranlage_Durchfluss\Physical\Config1\X20CP1382\Cpu.sw"
    LogicalPath="Config1.X20CP1382.Cpu.sw"
    Type="File"
    LastWriteTime="132969102560000000"
    Private="false" />
  <Object
    Path="C:\projects\Mischeranlage_Durchfluss\Physical\Config1\X20CP1382\Cpu.per"
    LogicalPath="Config1.X20CP1382.Cpu.per"
    Type="File"
    LastWriteTime="132953817920000000"
    Private="false" />
  <Object
    Path="C:\projects\Mischeranlage_Durchfluss\Physical\Config1\X20CP1382\IoMap.iom"
    LogicalPath="Config1.X20CP1382.IoMap.iom"
    Type="File"
    LastWriteTime="132960685500000000"
    Private="false" />
  <Object
    Path="C:\projects\Mischeranlage_Durchfluss\Physical\Config1\X20CP1382\PvMap.vvm"
    LogicalPath="Config1.X20CP1382.PvMap.vvm"
    Type="File"
    LastWriteTime="132953817920000000"
    Private="false" />
  <Object
    Path="C:\projects\Mischeranlage_Durchfluss\Physical\Config1\X20CP1382\Connectivity\Package.pkg"
    LogicalPath="Config1.X20CP1382.Connectivity"
    Type="Package"
    LastWriteTime="132953817920000000" />
  <Object
    Path="C:\projects\Mischeranlage_Durchfluss\Physical\Config1\X20CP1382\Connectivity\OpcUA\Package.pkg"
    LogicalPath="Config1.X20CP1382.Connectivity.OpcUA"
    Type="Package"
    LastWriteTime="132961361520000000" />
  <Object
    Path="C:\projects\Mischeranlage_Durchfluss\Physical\Config1\X20CP1382\Connectivity\OpcUA\OpcUaMap.uad"
    LogicalPath="Config1.X20CP1382.Connectivity.OpcUA.OpcUaMap.uad"
    Type="File"
    LastWriteTime="132977837720000000"
    Private="false" />
  <Object
    Path="C:\projects\Mischeranlage_Durchfluss\Physical\Config1\X20CP1382\TextSystem\Package.pkg"
    LogicalPath="Config1.X20CP1382.TextSystem"
    Type="Package"
    LastWriteTime="132953817920000000" />
  <Object
    Path="C:\projects\Mischeranlage_Durchfluss\Physical\Config1\X20CP1382\UnitSystem\Package.pkg"
    LogicalPath="Config1.X20CP1382.UnitSystem"
    Type="Package"
    LastWriteTime="132953817920000000" />
  <Object
    Path="C:\projects\Mischeranlage_Durchfluss\Physical\Config1\X20CP1382\AccessAndSecurity\Package.pkg"
    LogicalPath="Config1.X20CP1382.AccessAndSecurity"
    Type="Package"
    LastWriteTime="132953817920000000" />
  <Object
    Path="C:\projects\Mischeranlage_Durchfluss\Physical\Config1\X20CP1382\AccessAndSecurity\UserRoleSystem\Package.pkg"
    LogicalPath="Config1.X20CP1382.AccessAndSecurity.UserRoleSystem"
    Type="Package"
    LastWriteTime="132953817920000000" />
  <Object
    Path="C:\projects\Mischeranlage_Durchfluss\Physical\Config1\X20CP1382\AccessAndSecurity\UserRoleSystem\Role.role"
    LogicalPath="Config1.X20CP1382.AccessAndSecurity.UserRoleSystem.Role.role"
    Type="File"
    LastWriteTime="132953817920000000"
    Private="false" />
  <Object
    Path="C:\projects\Mischeranlage_Durchfluss\Physical\Config1\X20CP1382\AccessAndSecurity\UserRoleSystem\User.user"
    LogicalPath="Config1.X20CP1382.AccessAndSecurity.UserRoleSystem.User.user"
    Type="File"
    LastWriteTime="132953817920000000"
    Private="false" />
  <Object
    Path="C:\projects\Mischeranlage_Durchfluss\Physical\Config1\X20CP1382\AccessAndSecurity\CertificateStore\Package.pkg"
    LogicalPath="Config1.X20CP1382.AccessAndSecurity.CertificateStore"
    Type="Package"
    LastWriteTime="132953817920000000" />
  <Object
    Path="C:\projects\Mischeranlage_Durchfluss\Physical\Config1\X20CP1382\AccessAndSecurity\CertificateStore\OwnCertificates\Package.pkg"
    LogicalPath="Config1.X20CP1382.AccessAndSecurity.CertificateStore.OwnCertificates"
    Type="Package"
    LastWriteTime="132953817920000000" />
  <Object
    Path="C:\projects\Mischeranlage_Durchfluss\Physical\Config1\X20CP1382\AccessAndSecurity\CertificateStore\OwnCertificates\Certificates\Package.pkg"
    LogicalPath="Config1.X20CP1382.AccessAndSecurity.CertificateStore.OwnCertificates.Certificates"
    Type="Package"
    LastWriteTime="132953817920000000" />
  <Object
    Path="C:\projects\Mischeranlage_Durchfluss\Physical\Config1\X20CP1382\AccessAndSecurity\CertificateStore\OwnCertificates\PrivateKeys\Package.pkg"
    LogicalPath="Config1.X20CP1382.AccessAndSecurity.CertificateStore.OwnCertificates.PrivateKeys"
    Type="Package"
    LastWriteTime="132953817920000000" />
  <Object
    Path="C:\projects\Mischeranlage_Durchfluss\Physical\Config1\X20CP1382\AccessAndSecurity\CertificateStore\ThirdPartyCertificates\Package.pkg"
    LogicalPath="Config1.X20CP1382.AccessAndSecurity.CertificateStore.ThirdPartyCertificates"
    Type="Package"
    LastWriteTime="132953817920000000" />
  <Object
    Path="C:\projects\Mischeranlage_Durchfluss\Physical\Config1\X20CP1382\AccessAndSecurity\CertificateStore\ThirdPartyCertificates\SoftwareCertificates\Package.pkg"
    LogicalPath="Config1.X20CP1382.AccessAndSecurity.CertificateStore.ThirdPartyCertificates.SoftwareCertificates"
    Type="Package"
    LastWriteTime="132953817920000000" />
  <Object
    Path="C:\projects\Mischeranlage_Durchfluss\Physical\Config1\X20CP1382\AccessAndSecurity\CertificateStore\CertificateRevocationLists\Package.pkg"
    LogicalPath="Config1.X20CP1382.AccessAndSecurity.CertificateStore.CertificateRevocationLists"
    Type="Package"
    LastWriteTime="132953817920000000" />
  <Object
    Path="C:\projects\Mischeranlage_Durchfluss\Physical\Config1\X20CP1382\AccessAndSecurity\CertificateStore\CertificateSigningRequests\Package.pkg"
    LogicalPath="Config1.X20CP1382.AccessAndSecurity.CertificateStore.CertificateSigningRequests"
    Type="Package"
    LastWriteTime="132953817920000000" />
  <Object
    Path="C:\projects\Mischeranlage_Durchfluss\Physical\Config1\X20CP1382\AccessAndSecurity\TransportLayerSecurity\Package.pkg"
    LogicalPath="Config1.X20CP1382.AccessAndSecurity.TransportLayerSecurity"
    Type="Package"
    LastWriteTime="132953817920000000" />
  <Object
    Path="C:\projects\Mischeranlage_Durchfluss\Physical\Config1\X20CP1382\AccessAndSecurity\Firewall\Package.pkg"
    LogicalPath="Config1.X20CP1382.AccessAndSecurity.Firewall"
    Type="Package"
    LastWriteTime="132953817920000000" />
  <Object
    Path="C:\projects\Mischeranlage_Durchfluss\Physical\Config1\X20CP1382\AccessAndSecurity\Firewall\Rules.firewallRules"
    LogicalPath="Config1.X20CP1382.AccessAndSecurity.Firewall.Rules.firewallRules"
    Type="File"
    LastWriteTime="132953817920000000"
    Private="false" />
  <Object
    Path="C:\projects\Mischeranlage_Durchfluss\Physical\Config1\X20CP1382\mappControl\Package.pkg"
    LogicalPath="Config1.X20CP1382.mappControl"
    Type="Package"
    LastWriteTime="132953817920000000" />
  <Object
    Path="C:\projects\Mischeranlage_Durchfluss\Physical\Config1\X20CP1382\mappMotion\Package.pkg"
    LogicalPath="Config1.X20CP1382.mappMotion"
    Type="Package"
    LastWriteTime="132953817920000000" />
  <Object
    Path="C:\projects\Mischeranlage_Durchfluss\Physical\Config1\X20CP1382\mappServices\Package.pkg"
    LogicalPath="Config1.X20CP1382.mappServices"
    Type="Package"
    LastWriteTime="132953817920000000" />
  <Object
    Path="C:\projects\Mischeranlage_Durchfluss\Physical\Config1\X20CP1382\mappSafety\Package.pkg"
    LogicalPath="Config1.X20CP1382.mappSafety"
    Type="Package"
    LastWriteTime="132953817920000000" />
  <Object
    Path="C:\projects\Mischeranlage_Durchfluss\Physical\Config1\X20CP1382\mappSafety\SafeApplication\Package.pkg"
    LogicalPath="Config1.X20CP1382.mappSafety.SafeApplication"
    Type="Package"
    LastWriteTime="132953817920000000" />
  <Object
    Path="C:\projects\Mischeranlage_Durchfluss\Physical\Config1\X20CP1382\mappSafety\SafeCommissioning\Package.pkg"
    LogicalPath="Config1.X20CP1382.mappSafety.SafeCommissioning"
    Type="Package"
    LastWriteTime="132953817920000000" />
  <Object
    Path="C:\projects\Mischeranlage_Durchfluss\Physical\Config1\X20CP1382\mappView\Package.pkg"
    LogicalPath="Config1.X20CP1382.mappView"
    Type="Package"
    LastWriteTime="132975085740000000" />
  <Object
    Path="C:\projects\Mischeranlage_Durchfluss\Physical\Config1\X20CP1382\mappView\Config.mappviewcfg"
    LogicalPath="Config1.X20CP1382.mappView.Config.mappviewcfg"
    Type="File"
    LastWriteTime="132961367760000000"
    Private="false" />
  <Object
    Path="C:\projects\Mischeranlage_Durchfluss\Physical\Config1\X20CP1382\mappView\Visualizat.vis"
    LogicalPath="Config1.X20CP1382.mappView.Visualizat.vis"
    Type="File"
    LastWriteTime="132977828520000000"
    Private="false" />
  <Object
    Path="C:\projects\Mischeranlage_Durchfluss\Physical\Config1\X20CP1382\mappView\cont_uebersicht.binding"
    LogicalPath="Config1.X20CP1382.mappView.cont_uebersicht.binding"
    Type="File"
    LastWriteTime="132971773160000000"
    Private="false" />
  <Object
    Path="C:\projects\Mischeranlage_Durchfluss\Physical\Config1\X20CP1382\mappView\cont_regler.binding"
    LogicalPath="Config1.X20CP1382.mappView.cont_regler.binding"
    Type="File"
    LastWriteTime="132977840920000000"
    Private="false" />
  <Object
    Path="C:\projects\Mischeranlage_Durchfluss\Physical\Config1\X20CP1382\mappVision\Package.pkg"
    LogicalPath="Config1.X20CP1382.mappVision"
    Type="Package"
    LastWriteTime="132953817920000000" />
  <Object
    Path="C:\projects\Mischeranlage_Durchfluss\Physical\Config1\X20CP1382\mappCockpit\Package.pkg"
    LogicalPath="Config1.X20CP1382.mappCockpit"
    Type="Package"
    LastWriteTime="132953817920000000" />
  <Object
    Path="C:\projects\Mischeranlage_Durchfluss\Physical\Config1\Hardware.jpg"
    LogicalPath="Config1.Hardware.jpg"
    Type="File"
    LastWriteTime="132960582620000000"
    Private="false" />
</Objects>