C:\projects\MischeranlageRevA_Stufe03_Durchflussregelung\Logical\Global.typ
C:\projects\MischeranlageRevA_Stufe03_Durchflussregelung\Logical\Global.var
C:\projects\MischeranlageRevA_Stufe03_Durchflussregelung\Logical\Libraries\operator\operator.fun
C:\projects\MischeranlageRevA_Stufe03_Durchflussregelung\Logical\Libraries\operator\operator.typ
C:\projects\MischeranlageRevA_Stufe03_Durchflussregelung\Logical\Libraries\operator\operator.var
C:\projects\MischeranlageRevA_Stufe03_Durchflussregelung\Logical\Libraries\runtime\runtime.fun
C:\projects\MischeranlageRevA_Stufe03_Durchflussregelung\Logical\Libraries\runtime\runtime.typ
C:\projects\MischeranlageRevA_Stufe03_Durchflussregelung\Logical\Libraries\runtime\runtime.var
C:\projects\MischeranlageRevA_Stufe03_Durchflussregelung\Logical\Libraries\astime\astime.fun
C:\projects\MischeranlageRevA_Stufe03_Durchflussregelung\Logical\Libraries\astime\astime.typ
C:\projects\MischeranlageRevA_Stufe03_Durchflussregelung\Logical\Libraries\astime\astime.var
C:\projects\MischeranlageRevA_Stufe03_Durchflussregelung\Logical\Libraries\AsIecCon\AsIecCon.fun
C:\projects\MischeranlageRevA_Stufe03_Durchflussregelung\Logical\Libraries\AsIecCon\AsIecCon.typ
C:\projects\MischeranlageRevA_Stufe03_Durchflussregelung\Logical\Libraries\AsIecCon\AsIecCon.var
C:\projects\MischeranlageRevA_Stufe03_Durchflussregelung\Logical\Libraries\sys_lib\sys_lib.fun
C:\projects\MischeranlageRevA_Stufe03_Durchflussregelung\Logical\Libraries\sys_lib\sys_lib.typ
C:\projects\MischeranlageRevA_Stufe03_Durchflussregelung\Logical\Libraries\sys_lib\sys_lib.var
C:\projects\MischeranlageRevA_Stufe03_Durchflussregelung\Logical\Libraries\AsBrStr\AsBrStr.fun
C:\projects\MischeranlageRevA_Stufe03_Durchflussregelung\Logical\Libraries\AsBrStr\AsBrStr.typ
C:\projects\MischeranlageRevA_Stufe03_Durchflussregelung\Logical\Libraries\AsBrStr\AsBrStr.var
C:\projects\MischeranlageRevA_Stufe03_Durchflussregelung\Logical\Library\Types.typ
C:\projects\MischeranlageRevA_Stufe03_Durchflussregelung\Logical\Library\Constants.var
C:\projects\MischeranlageRevA_Stufe03_Durchflussregelung\Logical\Library\Library.fun
